Microchip MPLAB XC8 Compiler V2.41

Linker command line:

-W-3 \
  --edf=C:\Program Files\Microchip\xc8\v2.41\pic\dat\20230208172133_en.msgs \
  -cn \
  -h+dist/default/production\PIC16F877A_line_follower_robot.X.production.sym \
  --cmf=dist/default/production\PIC16F877A_line_follower_robot.X.production.cmf \
  -z -Q16F877A -oC:\Users\84935\AppData\Local\Temp\xcAsi58.\driver_tmp_3.o \
  --defsym=__MPLAB_BUILD=1 --fixupoverflow=error \
  -Mdist/default/production/PIC16F877A_line_follower_robot.X.production.map \
  --md=C:\Users\84935\AppData\Local\Temp\xcAsi58.\driver_tmp_0.dat -E1 \
  -ver=XC8 Compiler --acfsm=1493 -ACODE=00h-07FFhx4 -ASTRCODE=00h-01FFFh \
  -ASTRING=00h-0FFhx32 -ACONST=00h-0FFhx32 -AENTRY=00h-0FFhx32 \
  -ACOMMON=070h-07Fh -ABANK0=020h-06Fh -ABANK1=0A0h-0EFh \
  -ABANK2=0110h-016Fh -ABANK3=0190h-01EFh \
  -ARAM=020h-06Fh,0A0h-0EFh,0110h-016Fh,0190h-01EFh \
  -AABS1=020h-07Fh,0A0h-0EFh,0110h-016Fh,0190h-01EFh -ASFR0=00h-01Fh \
  -ASFR1=080h-09Fh -ASFR2=0100h-010Fh -ASFR3=0180h-018Fh \
  -ACONFIG=02007h-02007h -DCONFIG=2 -AIDLOC=02000h-02003h -DIDLOC=2 \
  -AEEDATA=00h-0FFh/02100h -peeprom_data=EEDATA -DEEDATA=2 -DCODE=2 \
  -DSTRCODE=2 -DSTRING=2 -DCONST=2 -DENTRY=2 \
  -preset_vec=00h,intentry=04h,init,end_init -ppowerup=CODE -pcinit=CODE \
  -pfunctab=ENTRY -k \
  C:\Users\84935\AppData\Local\Temp\xcAsi58.\driver_tmp_12.o \
  dist/default/production\PIC16F877A_line_follower_robot.X.production.o 

Object code version is 3.11

Machine type is 16F877A



                Name                               Link     Load   Length Selector   Space Scale
C:\Users\84935\AppData\Local\Temp\xcAsi58.\driver_tmp_12.o
                end_init                             10       10        3        8       0
                reset_vec                             0        0        3        0       0
                config                             2007     2007        1        0       4
                idloc                              2000     2000        4        0       5
dist/default/production\PIC16F877A_line_follower_robot.X.production.o
                cinit                                13       13       19        8       0
                intentry                              4        4        C        8       0
                config                             2007     2007        1        0       4
                idloc                              2000     2000        4        0       5
                text22                              53D      53D       93        8       0
                text21                              7EE      7EE        A        8       0
                text20                              305      305      197        8       0
                text19                              752      752       23        8       0
                text18                               2C       2C      2D9        8       0
                text17                              49C      49C       A1        8       0
                text16                              5D0      5D0       83        8       0
                text15                              FDB      FDB        6     1FB6       0
                text14                              FEE      FEE        9     1FDC       0
                text13                              7E3      7E3        B        8       0
                text12                              721      721       31        8       0
                text11                              7D8      7D8        B        8       0
                text10                              653      653       80        8       0
                text9                               793      793       19        8       0
                text8                               7CC      7CC        C        8       0
                text7                               FE1      FE1        6     1FC2       0
                text6                               FE7      FE7        7     1FCE       0
                text5                               7BC      7BC       10        8       0
                text4                               FD7      FD7        4     1FAE       0
                text3                               FF7      FF7        9     1FEE       0
                text2                               6D3      6D3       4E        8       0
                text1                               7AC      7AC       10        8       0
                maintext                            775      775       1E        8       0
                cstackBANK0                          20       20       47       20       1
                cstackCOMMON                         70       70        E       70       1
                cstackBANK1                          B9       B9        4       A0       1
                clrtext                             7F8      7F8        8        8       0
                bssBANK1                             A0       A0       19       A0       1
                dataBANK0                            6F       6F        1       20       1
                bssBANK0                             67       67        8       20       1
                idataBANK0                            3        3        1        0       0

TOTAL           Name                               Link     Load   Length     Space
        CLASS   CODE           
                end_init                             10       10        3         0
                cinit                                13       13       19         0
                intentry                              4        4        C         0
                reset_vec                             0        0        3         0
                text22                              53D      53D       93         0
                text21                              7EE      7EE        A         0
                text20                              305      305      197         0
                text19                              752      752       23         0
                text18                               2C       2C      2D9         0
                text17                              49C      49C       A1         0
                text16                              5D0      5D0       83         0
                text15                              FDB      FDB        6         0
                text14                              FEE      FEE        9         0
                text13                              7E3      7E3        B         0
                text12                              721      721       31         0
                text11                              7D8      7D8        B         0
                text10                              653      653       80         0
                text9                               793      793       19         0
                text8                               7CC      7CC        C         0
                text7                               FE1      FE1        6         0
                text6                               FE7      FE7        7         0
                text5                               7BC      7BC       10         0
                text4                               FD7      FD7        4         0
                text3                               FF7      FF7        9         0
                text2                               6D3      6D3       4E         0
                text1                               7AC      7AC       10         0
                maintext                            775      775       1E         0
                clrtext                             7F8      7F8        8         0
                idataBANK0                            3        3        1         0

        CLASS   STRCODE        

        CLASS   STRING         

        CLASS   CONST          

        CLASS   ENTRY          

        CLASS   COMMON         
                cstackCOMMON                         70       70        E         1

        CLASS   BANK0          
                cstackBANK0                          20       20       47         1
                dataBANK0                            6F       6F        1         1
                bssBANK0                             67       67        8         1

        CLASS   BANK1          
                cstackBANK1                          B9       B9        4         1
                bssBANK1                             A0       A0       19         1

        CLASS   BANK2          

        CLASS   BANK3          

        CLASS   RAM            

        CLASS   ABS1           
                abs_s1                               7E       7E        2         1

        CLASS   SFR0           

        CLASS   SFR1           

        CLASS   SFR2           

        CLASS   SFR3           

        CLASS   CONFIG         
                config                             2007     2007        1         4

        CLASS   IDLOC          
                idloc                              2000     2000        4         5

        CLASS   EEDATA         

        CLASS   STACK          



SEGMENTS        Name                           Load    Length   Top    Selector   Space  Class     Delta

                reset_vec                      000000  000004  000004         0       0  CODE        2
                intentry                       000004  0007FC  000800         8       0  CODE        2
                cstackBANK0                    000020  000050  000070        20       1  BANK0       1
                cstackCOMMON                   000070  00000E  00007E        70       1  COMMON      1
                bssBANK1                       0000A0  00001D  0000BD        A0       1  BANK1       1
                text4                          000FD7  000004  000FDB      1FAE       0  CODE        2
                text15                         000FDB  000006  000FE1      1FB6       0  CODE        2
                text7                          000FE1  000006  000FE7      1FC2       0  CODE        2
                text6                          000FE7  000007  000FEE      1FCE       0  CODE        2
                text14                         000FEE  000009  000FF7      1FDC       0  CODE        2
                text3                          000FF7  000009  001000      1FEE       0  CODE        2


UNUSED ADDRESS RANGES

        Name                Unused          Largest block    Delta
        BANK1            00BD-00EF             33           1
        BANK2            0110-016F             60           1
        BANK3            0190-01EF             60           1
        CODE             0800-0FD6            7D7           2
                         1000-1FFF            800
        CONST            0800-0FD6            100           2
                         1000-1FFF            100
        EEDATA           2100-21FF            100           2
        ENTRY            0800-0FD6            100           2
                         1000-1FFF            100
        RAM              00BD-00EF             33           1
                         0110-016F             60
                         0190-01EF             60
        SFR0             0000-001F             20           1
        SFR1             0080-009F             20           1
        SFR2             0100-010F             10           1
        SFR3             0180-018F             10           1
        STRCODE          0800-0FD6            7D7           2
                         1000-1FFF           1000
        STRING           0800-0FD6            100           2
                         1000-1FFF            100

                                  Symbol Table

?__Umul8_16                  cstackCOMMON 0070
?___fldiv                    cstackBANK0  0020
?___flmul                    cstackBANK0  003A
?___xxtofl                   cstackCOMMON 0070
?_calDistance                cstackBANK0  0054
?_getDistance                cstackCOMMON 0070
I2C_Slave_Init@slave_address cstackBANK1  00B9
_BRGH                        (abs)        04C2
_CCP1CON                     (abs)        0017
_CCP1IE                      (abs)        0462
_CCP1IF                      (abs)        0062
_CCP1M0                      (abs)        00B8
_CCP1M1                      (abs)        00B9
_CCP1M2                      (abs)        00BA
_CCP1M3                      (abs)        00BB
_CCPR1                       (abs)        0015
_CKP                         (abs)        00A4
_GIE                         (abs)        005F
_I2C_Slave_Init              text9        0793
_ISR                         text10       0653
_PEIE                        (abs)        005E
_PS0                         (abs)        0408
_PS1                         (abs)        0409
_PS2                         (abs)        040A
_PSA                         (abs)        040B
_RD0                         (abs)        0040
_R_nW                        (abs)        04A2
_SPBRG                       (abs)        0099
_SPEN                        (abs)        00C7
_SSPADD                      (abs)        0093
_SSPBUF                      (abs)        0013
_SSPCON2                     (abs)        0091
_SSPCONbits                  (abs)        0014
_SSPEN                       (abs)        00A5
_SSPIE                       (abs)        0463
_SSPIF                       (abs)        0063
_SSPM0                       (abs)        00A0
_SSPM1                       (abs)        00A1
_SSPM2                       (abs)        00A2
_SSPM3                       (abs)        00A3
_SSPOV                       (abs)        00A6
_SSPSTAT                     (abs)        0094
_SSPSTATbits                 (abs)        0094
_SYNC                        (abs)        04C4
_T0CS                        (abs)        040D
_T1CKPS0                     (abs)        0084
_T1CKPS1                     (abs)        0085
_TMR0                        (abs)        0001
_TMR0IE                      (abs)        005D
_TMR0IF                      (abs)        005A
_TMR1                        (abs)        000E
_TMR1CS                      (abs)        0081
_TMR1ON                      (abs)        0080
_TRISC2                      (abs)        043A
_TRISC3                      (abs)        043B
_TRISC4                      (abs)        043C
_TRISC6                      (abs)        043E
_TRISC7                      (abs)        043F
_TRISD0                      (abs)        0440
_TX9                         (abs)        04C6
_TXEN                        (abs)        04C5
_UARTTransInit               text8        07CC
_WCOL                        (abs)        00A7
__H__absolute__              __absolute__ 0000
__Habs1                      abs1         0000
__Hbank0                     bank0        0000
__Hbank1                     bank1        0000
__Hbank2                     bank2        0000
__Hbank3                     bank3        0000
__HbssBANK0                  bssBANK0     0000
__HbssBANK1                  bssBANK1     0000
__Hcinit                     cinit        002C
__Hclrtext                   clrtext      0000
__Hcode                      code         0000
__Hcommon                    common       0000
__Hconfig                    config       2008
__HcstackBANK0               cstackBANK0  0000
__HcstackBANK1               cstackBANK1  0000
__HcstackCOMMON              cstackCOMMON 0000
__HdataBANK0                 dataBANK0    0000
__Heeprom_data               eeprom_data  0000
__Hend_init                  end_init     0013
__Hfunctab                   functab      0000
__HidataBANK0                idataBANK0   0000
__Hidloc                     idloc        2004
__Hinit                      init         0010
__Hintentry                  intentry     0010
__Hmaintext                  maintext     0000
__Hpowerup                   powerup      0000
__Hram                       ram          0000
__Hreset_vec                 reset_vec    0003
__Hsfr0                      sfr0         0000
__Hsfr1                      sfr1         0000
__Hsfr2                      sfr2         0000
__Hsfr3                      sfr3         0000
__Hspace_0                   (abs)        1000
__Hspace_1                   (abs)        00BD
__Hspace_2                   (abs)        0000
__Hspace_3                   (abs)        0000
__Hspace_4                   (abs)        400F
__Hstack                     stack        0000
__Hstrings                   strings      0000
__Htext                      text         0000
__L__absolute__              __absolute__ 0000
__Labs1                      abs1         0000
__Lbank0                     bank0        0000
__Lbank1                     bank1        0000
__Lbank2                     bank2        0000
__Lbank3                     bank3        0000
__LbssBANK0                  bssBANK0     0000
__LbssBANK1                  bssBANK1     0000
__Lcinit                     cinit        0013
__Lclrtext                   clrtext      0000
__Lcode                      code         0000
__Lcommon                    common       0000
__Lconfig                    config       0000
__LcstackBANK0               cstackBANK0  0000
__LcstackBANK1               cstackBANK1  0000
__LcstackCOMMON              cstackCOMMON 0000
__LdataBANK0                 dataBANK0    0000
__Leeprom_data               eeprom_data  0000
__Lend_init                  end_init     0010
__Lfunctab                   functab      0000
__LidataBANK0                idataBANK0   0000
__Lidloc                     idloc        0000
__Linit                      init         0010
__Lintentry                  intentry     0004
__Lmaintext                  maintext     0000
__Lpowerup                   powerup      0000
__Lram                       ram          0000
__Lreset_vec                 reset_vec    0000
__Lsfr0                      sfr0         0000
__Lsfr1                      sfr1         0000
__Lsfr2                      sfr2         0000
__Lsfr3                      sfr3         0000
__Lspace_0                   (abs)        0000
__Lspace_1                   (abs)        0000
__Lspace_2                   (abs)        0000
__Lspace_3                   (abs)        0000
__Lspace_4                   (abs)        0000
__Lstack                     stack        0000
__Lstrings                   strings      0000
__Ltext                      text         0000
__S0                         (abs)        1000
__S1                         (abs)        00BD
__S3                         (abs)        0000
__Umul8_16                   text19       0752
__Umul8_16@multiplicand      cstackCOMMON 0070
__Umul8_16@multiplier        cstackCOMMON 0078
__Umul8_16@product           cstackCOMMON 0074
__Umul8_16@word_mpld         cstackCOMMON 0076
___fldiv                     text20       0305
___fldiv@a                   cstackBANK0  0020
___fldiv@aexp                cstackBANK0  0039
___fldiv@b                   cstackBANK0  0024
___fldiv@bexp                cstackBANK0  0038
___fldiv@grs                 cstackBANK0  0034
___fldiv@new_exp             cstackBANK0  0032
___fldiv@rem                 cstackBANK0  002D
___fldiv@sign                cstackBANK0  0031
___flge                      text22       053D
___flge@ff1                  cstackCOMMON 0070
___flge@ff2                  cstackCOMMON 0074
___flmul                     text18       002C
___flmul@a                   cstackBANK0  003E
___flmul@aexp                cstackBANK0  0048
___flmul@b                   cstackBANK0  003A
___flmul@bexp                cstackBANK0  004D
___flmul@grs                 cstackBANK0  0049
___flmul@prod                cstackBANK0  004E
___flmul@sign                cstackBANK0  0047
___flmul@temp                cstackBANK0  0052
___int_sp                    stack        0000
___latbits                   (abs)        0002
___sp                        stack        0000
___stackhi                   (abs)        0000
___stacklo                   (abs)        0000
___xxtofl                    text17       049C
___xxtofl@arg                cstackCOMMON 007A
___xxtofl@exp                cstackCOMMON 0079
___xxtofl@sign               cstackCOMMON 0078
___xxtofl@val                cstackCOMMON 0070
__end_of_I2C_Slave_Init      text9        07AC
__end_of_ISR                 text10       06D3
__end_of_UARTTransInit       text8        07D8
__end_of__Umul8_16           text19       0775
__end_of___fldiv             text20       049C
__end_of___flge              text22       05D0
__end_of___flmul             text18       0305
__end_of___xxtofl            text17       053D
__end_of__initialization     cinit        0028
__end_of_calDistance         text16       0653
__end_of_captureRisingInit   text5        07CC
__end_of_ccp1InterruptInit   text7        0FE7
__end_of_changeModeFalling   text14       0FF7
__end_of_changeModeRising    text13       07EE
__end_of_disableCCP1         text15       0FE1
__end_of_getDistance         text21       07F8
__end_of_hcsr04Distance      text12       0752
__end_of_hcsr04Init          text3        1000
__end_of_hcsr04Trigger       text11       07E3
__end_of_main                maintext     0793
__end_of_timer0SetPrescaler  text2        0721
__end_of_timer0TimerInit     text1        07BC
__end_of_timer1Init          text6        0FEE
__end_of_trigConfig          text4        0FDB
__initialization             cinit        0013
__pbssBANK0                  bssBANK0     0067
__pbssBANK1                  bssBANK1     00A0
__pcstackBANK0               cstackBANK0  0020
__pcstackBANK1               cstackBANK1  00B9
__pcstackCOMMON              cstackCOMMON 0070
__pdataBANK0                 dataBANK0    006F
__pidataBANK0                idataBANK0   0003
__pintentry                  intentry     0004
__pmaintext                  maintext     0775
__ptext1                     text1        07AC
__ptext10                    text10       0653
__ptext11                    text11       07D8
__ptext12                    text12       0721
__ptext13                    text13       07E3
__ptext14                    text14       0FEE
__ptext15                    text15       0FDB
__ptext16                    text16       05D0
__ptext17                    text17       049C
__ptext18                    text18       002C
__ptext19                    text19       0752
__ptext2                     text2        06D3
__ptext20                    text20       0305
__ptext21                    text21       07EE
__ptext22                    text22       053D
__ptext3                     text3        0FF7
__ptext4                     text4        0FD7
__ptext5                     text5        07BC
__ptext6                     text6        0FE7
__ptext7                     text7        0FE1
__ptext8                     text8        07CC
__ptext9                     text9        0793
_calDistance                 text16       05D0
_calDistance$1078            cstackBANK0  0060
_captureRisingInit           text5        07BC
_ccp1InterruptInit           text7        0FE1
_changeModeFalling           text14       0FEE
_changeModeRising            text13       07E3
_count                       bssBANK0     006D
_disableCCP1                 text15       0FDB
_distance_command            dataBANK0    006F
_fallT2                      bssBANK0     0069
_getDistance                 text21       07EE
_hcsr04Distance              text12       0721
_hcsr04Init                  text3        0FF7
_hcsr04Trigger               text11       07D8
_hcsr04_distance             bssBANK1     00B3
_hcsr04_state                bssBANK0     006E
_main                        maintext     0775
_obs_distance                bssBANK1     00AF
_riseT1                      bssBANK0     006B
_timer0SetPrescaler          text2        06D3
_timer0TimerInit             text1        07AC
_timer1Init                  text6        0FE7
_trigConfig                  text4        0FD7
btemp                        (abs)        007E
calDistance@distance         cstackBANK0  005C
calDistance@time             cstackBANK0  0058
clear_ram0                   clrtext      07F8
end_of_initialization        cinit        0028
interrupt_function           intentry     0004
intlevel0                    functab      0000
intlevel1                    functab      0000
intlevel2                    functab      0000
intlevel3                    functab      0000
intlevel4                    functab      0000
intlevel5                    functab      0000
reset_vec                    reset_vec    0000
saved_w                      (abs)        007E
start                        init         0010
start_initialization         cinit        0013
timer0SetPrescaler@prescaler cstackBANK1  00B9
timer0TimerInit@prescaler    cstackBANK1  00BB
wtemp0                       (abs)        007E


MODULE INFORMATION

Module		Function		Class		Link	Load	Size
C:\Program Files\Microchip\xc8\v2.41\pic\sources\c90\common\sprcmul.c
		___flmul       		CODE           	002C	0000	729

C:\Program Files\Microchip\xc8\v2.41\pic\sources\c90\common\sprcmul.c estimated size: 729

C:\Program Files\Microchip\xc8\v2.41\pic\sources\c90\common\flge.c
		___flge        		CODE           	053D	0000	147

C:\Program Files\Microchip\xc8\v2.41\pic\sources\c90\common\flge.c estimated size: 147

C:\Program Files\Microchip\xc8\v2.41\pic\sources\c90\common\sprcdiv.c
		___fldiv       		CODE           	0305	0000	407

C:\Program Files\Microchip\xc8\v2.41\pic\sources\c90\common\sprcdiv.c estimated size: 407

PIC16F877A_line_follower_robot.c
		_ISR           		CODE           	0653	0000	128
		_main          		CODE           	0775	0000	30

PIC16F877A_line_follower_robot.c estimated size: 158

PIC16F877A_I2C.c
		_I2C_Slave_Init		CODE           	0793	0000	25

PIC16F877A_I2C.c estimated size: 25

PIC16F877A_HCSR04.c
		_hcsr04Trigger 		CODE           	07D8	0000	11
		_calDistance   		CODE           	05D0	0000	131
		_hcsr04Distance		CODE           	0721	0000	49
		_hcsr04Init    		CODE           	0FF7	0000	9
		_trigConfig    		CODE           	0FD7	0000	4
		_getDistance   		CODE           	07EE	0000	10

PIC16F877A_HCSR04.c estimated size: 214

PIC16F877A_input_capture.c
		_captureRisingInit		CODE           	07BC	0000	16
		_disableCCP1   		CODE           	0FDB	0000	6
		_changeModeRising		CODE           	07E3	0000	11
		_timer1Init    		CODE           	0FE7	0000	7
		_changeModeFalling		CODE           	0FEE	0000	9
		_ccp1InterruptInit		CODE           	0FE1	0000	6

PIC16F877A_input_capture.c estimated size: 55

C:\Program Files\Microchip\xc8\v2.41\pic\sources\c90\common\xxtofl.c
		___xxtofl      		CODE           	049C	0000	161

C:\Program Files\Microchip\xc8\v2.41\pic\sources\c90\common\xxtofl.c estimated size: 161

shared
		__initialization		CODE           	0013	0000	21

shared estimated size: 21

PIC16F877A_timer0.c
		_timer0TimerInit		CODE           	07AC	0000	16
		_timer0SetPrescaler		CODE           	06D3	0000	78

PIC16F877A_timer0.c estimated size: 94

C:\Program Files\Microchip\xc8\v2.41\pic\sources\c90\common\Umul8_16.c
		__Umul8_16     		CODE           	0752	0000	35

C:\Program Files\Microchip\xc8\v2.41\pic\sources\c90\common\Umul8_16.c estimated size: 35

PIC16F877A_UART.c
		_UARTTransInit 		CODE           	07CC	0000	12

PIC16F877A_UART.c estimated size: 12

